rfish 0.1.0 by the Stockfish developers (see AUTHORS)

 +---+---+---+---+---+---+---+---+
 | r | n | b | q | k | b | n | r | 8
 +---+---+---+---+---+---+---+---+
 | p | p | p | p | p | p | p | p | 7
 +---+---+---+---+---+---+---+---+
 |   |   |   |   |   |   |   |   | 6
 +---+---+---+---+---+---+---+---+
 |   |   |   |   |   |   |   |   | 5
 +---+---+---+---+---+---+---+---+
 |   |   |   |   |   |   |   |   | 4
 +---+---+---+---+---+---+---+---+
 |   |   |   |   |   |   |   |   | 3
 +---+---+---+---+---+---+---+---+
 | P | P | P | P | P | P | P | P | 2
 +---+---+---+---+---+---+---+---+
 | R | N | B | Q | K | B | N | R | 1
 +---+---+---+---+---+---+---+---+
   a   b   c   d   e   f   g   h

Fen: rnbqkbnr/pppppppp/8/8/8/8/PPPPPPPP/RNBQKBNR w KQkq - 0 1
Key: 8F8F01D4562F59FB
Checkers: 

 +---+---+---+---+---+---+---+---+
 | r |   | b | q | k | b | n | r | 8
 +---+---+---+---+---+---+---+---+
 |   | p | p | p |   | p | p | p | 7
 +---+---+---+---+---+---+---+---+
 | p |   | n |   |   |   |   |   | 6
 +---+---+---+---+---+---+---+---+
 |   | B |   |   | p |   |   |   | 5
 +---+---+---+---+---+---+---+---+
 |   |   |   |   | P |   |   |   | 4
 +---+---+---+---+---+---+---+---+
 |   |   |   |   |   | N |   |   | 3
 +---+---+---+---+---+---+---+---+
 | P | P | P | P |   | P | P | P | 2
 +---+---+---+---+---+---+---+---+
 | R | N | B | Q | K |   |   | R | 1
 +---+---+---+---+---+---+---+---+
   a   b   c   d   e   f   g   h

Fen: r1bqkbnr/1ppp1ppp/p1n5/1B2p3/4P3/5N2/PPPP1PPP/RNBQK2R w KQkq - 0 4
Key: CF9C6943A138C55C
Checkers: 

 +---+---+---+---+---+---+---+---+
 |   |   |   |   |   |   |   |   | 8
 +---+---+---+---+---+---+---+---+
 |   |   | p |   |   |   |   |   | 7
 +---+---+---+---+---+---+---+---+
 |   |   |   | p |   |   |   |   | 6
 +---+---+---+---+---+---+---+---+
 | K | P |   |   |   |   |   | r | 5
 +---+---+---+---+---+---+---+---+
 |   | R |   |   |   | p |   | k | 4
 +---+---+---+---+---+---+---+---+
 |   |   |   |   |   |   |   |   | 3
 +---+---+---+---+---+---+---+---+
 |   |   |   |   | P |   | P |   | 2
 +---+---+---+---+---+---+---+---+
 |   |   |   |   |   |   |   |   | 1
 +---+---+---+---+---+---+---+---+
   a   b   c   d   e   f   g   h

Fen: 8/2p5/3p4/KP5r/1R3p1k/8/4P1P1/8 w - - 0 11
Key: C5F0C6634A313C2C
Checkers: 

 +---+---+---+---+---+---+---+---+
 | r |   |   |   | k |   |   | r | 8
 +---+---+---+---+---+---+---+---+
 | p |   | p | p | q | p | b |   | 7
 +---+---+---+---+---+---+---+---+
 | b | n |   |   | p | n | p |   | 6
 +---+---+---+---+---+---+---+---+
 |   |   |   | P | N |   |   |   | 5
 +---+---+---+---+---+---+---+---+
 |   | p |   |   | P |   |   |   | 4
 +---+---+---+---+---+---+---+---+
 |   |   | N |   |   | Q |   | p | 3
 +---+---+---+---+---+---+---+---+
 | P | P | P | B | B | P | P | P | 2
 +---+---+---+---+---+---+---+---+
 | R |   |   |   |   | R | K |   | 1
 +---+---+---+---+---+---+---+---+
   a   b   c   d   e   f   g   h

Fen: r3k2r/p1ppqpb1/bn2pnp1/3PN3/1p2P3/2N2Q1p/PPPBBPPP/R4RK1 b kq - 1 1
Key: 7AD08498F7677ABC
Checkers: 
