rfish 0.1.0 by the Stockfish developers (see AUTHORS)

 +---+---+---+---+---+---+---+---+
 |   |   |   |   | k |   |   |   | 8
 +---+---+---+---+---+---+---+---+
 |   |   |   |   |   |   |   |   | 7
 +---+---+---+---+---+---+---+---+
 |   |   |   |   |   |   |   |   | 6
 +---+---+---+---+---+---+---+---+
 |   |   |   |   |   |   |   |   | 5
 +---+---+---+---+---+---+---+---+
 |   |   |   |   |   |   |   |   | 4
 +---+---+---+---+---+---+---+---+
 |   |   |   |   |   |   |   |   | 3
 +---+---+---+---+---+---+---+---+
 |   |   |   |   |   |   |   |   | 2
 +---+---+---+---+---+---+---+---+
 |   |   |   |   | K |   |   |   | 1
 +---+---+---+---+---+---+---+---+
   a   b   c   d   e   f   g   h

Fen: 4k3/8/8/8/8/8/8/4K3 w - - 0 1
Key: 279216B9424835AA
Checkers: 

 +---+---+---+---+---+---+---+---+
 | r |   |   |   | k |   |   | r | 8
 +---+---+---+---+---+---+---+---+
 |   |   |   |   |   |   |   |   | 7
 +---+---+---+---+---+---+---+---+
 |   |   |   |   |   |   |   |   | 6
 +---+---+---+---+---+---+---+---+
 |   |   |   |   |   |   |   |   | 5
 +---+---+---+---+---+---+---+---+
 |   |   |   |   |   |   |   |   | 4
 +---+---+---+---+---+---+---+---+
 |   |   |   |   |   |   |   |   | 3
 +---+---+---+---+---+---+---+---+
 |   |   |   |   |   |   |   |   | 2
 +---+---+---+---+---+---+---+---+
 |   |   |   |   | K |   |   | R | 1
 +---+---+---+---+---+---+---+---+
   a   b   c   d   e   f   g   h

Fen: r3k2r/8/8/8/8/8/8/4K2R w Kkq - 0 1
Key: 6F071F43258EE591
Checkers: 

 +---+---+---+---+---+---+---+---+
 | r |   |   |   | k |   |   | r | 8
 +---+---+---+---+---+---+---+---+
 |   |   |   |   |   |   |   |   | 7
 +---+---+---+---+---+---+---+---+
 |   |   |   |   |   |   |   |   | 6
 +---+---+---+---+---+---+---+---+
 |   |   |   |   |   |   |   |   | 5
 +---+---+---+---+---+---+---+---+
 |   |   |   |   | K |   |   |   | 4
 +---+---+---+---+---+---+---+---+
 |   |   |   |   |   |   |   |   | 3
 +---+---+---+---+---+---+---+---+
 |   |   |   |   |   |   |   |   | 2
 +---+---+---+---+---+---+---+---+
 | R |   |   |   |   |   |   | R | 1
 +---+---+---+---+---+---+---+---+
   a   b   c   d   e   f   g   h

Fen: r3k2r/8/8/8/4K3/8/8/R6R w kq - 0 1
Key: 930AF4BC990621BD
Checkers: 

 +---+---+---+---+---+---+---+---+
 | r |   |   |   | k |   |   | r | 8
 +---+---+---+---+---+---+---+---+
 |   |   |   |   |   |   |   |   | 7
 +---+---+---+---+---+---+---+---+
 |   |   |   |   |   |   |   |   | 6
 +---+---+---+---+---+---+---+---+
 |   |   |   |   |   |   |   |   | 5
 +---+---+---+---+---+---+---+---+
 |   |   |   |   |   |   |   |   | 4
 +---+---+---+---+---+---+---+---+
 |   |   |   |   |   |   |   |   | 3
 +---+---+---+---+---+---+---+---+
 |   |   |   |   |   |   |   |   | 2
 +---+---+---+---+---+---+---+---+
 | R |   |   |   | K |   |   | R | 1
 +---+---+---+---+---+---+---+---+
   a   b   c   d   e   f   g   h

Fen: r3k2r/8/8/8/8/8/8/R3K2R w KQkq - 0 1
Key: 1537AF11E35745ED
Checkers: 

 +---+---+---+---+---+---+---+---+
 |   | n | b | b | n | r | k | r | 8
 +---+---+---+---+---+---+---+---+
 | p |   | p |   | q | p | p | p | 7
 +---+---+---+---+---+---+---+---+
 |   |   |   | p |   |   |   |   | 6
 +---+---+---+---+---+---+---+---+
 |   | p |   |   | p |   |   |   | 5
 +---+---+---+---+---+---+---+---+
 |   |   |   | P | P |   |   |   | 4
 +---+---+---+---+---+---+---+---+
 |   |   | N |   |   |   |   |   | 3
 +---+---+---+---+---+---+---+---+
 | P | P | P |   | Q | P | P | P | 2
 +---+---+---+---+---+---+---+---+
 |   | N | B | B | R |   | K | R | 1
 +---+---+---+---+---+---+---+---+
   a   b   c   d   e   f   g   h

Fen: 1nbbnrkr/p1p1qppp/3p4/1p2p3/3PP3/2N5/PPP1QPPP/1NBBR1KR w HEh - 4 9
Key: 8B9EBB0F3C71BC99
Checkers: 
info string Network replica 1: Local memory.
a2a3: 954
b2b3: 1011
f2f3: 925
g2g3: 980
h2h3: 1014
d4d5: 838
a2a4: 1014
b2b4: 950
f2f4: 985
g2g4: 896
h2h4: 1043
d4e5: 1014
b1d2: 926
b1a3: 982
c3a4: 1074
c3b5: 1061
c3d5: 1145
c1d2: 924
c1e3: 954
c1f4: 1040
c1g5: 989
c1h6: 966
e1f1: 924
e2f1: 953
e2d2: 924
e2d3: 1186
e2e3: 1040
e2f3: 1090
e2c4: 1234
e2g4: 1171
e2b5: 1360
e2h5: 1194
g1f1: 922
g1h1: 895

Nodes searched: 34578


 +---+---+---+---+---+---+---+---+
 | k | r | r |   |   |   |   |   | 8
 +---+---+---+---+---+---+---+---+
 |   |   |   |   |   |   |   |   | 7
 +---+---+---+---+---+---+---+---+
 |   |   |   |   |   |   |   |   | 6
 +---+---+---+---+---+---+---+---+
 |   |   |   |   |   |   |   |   | 5
 +---+---+---+---+---+---+---+---+
 |   |   |   |   |   |   |   |   | 4
 +---+---+---+---+---+---+---+---+
 |   |   |   |   |   |   |   |   | 3
 +---+---+---+---+---+---+---+---+
 |   |   |   |   |   |   |   |   | 2
 +---+---+---+---+---+---+---+---+
 | K | R | R |   |   |   |   |   | 1
 +---+---+---+---+---+---+---+---+
   a   b   c   d   e   f   g   h

Fen: krr5/8/8/8/8/8/8/KRR5 w - - 0 1
Key: 0C935CC1B95C6EB5
Checkers: 
info string CRITICAL ERROR: Command `position fen r3k2r/8/8/8/8/8/8/R3K2R w KQZq - 0 1` failed. Reason: Invalid FEN. Expected castling rights. Got: Z

