rfish 0.1.0 by the Stockfish developers (see AUTHORS)

 +---+---+---+---+---+---+---+---+
 |   |   |   |   |   |   |   |   | 8
 +---+---+---+---+---+---+---+---+
 |   |   |   |   |   |   |   |   | 7
 +---+---+---+---+---+---+---+---+
 |   |   |   |   |   |   |   |   | 6
 +---+---+---+---+---+---+---+---+
 |   |   | p | P |   |   |   |   | 5
 +---+---+---+---+---+---+---+---+
 |   |   |   |   |   |   |   |   | 4
 +---+---+---+---+---+---+---+---+
 |   |   |   |   |   |   |   |   | 3
 +---+---+---+---+---+---+---+---+
 |   |   |   |   |   |   |   |   | 2
 +---+---+---+---+---+---+---+---+
 | K |   |   |   |   |   |   | k | 1
 +---+---+---+---+---+---+---+---+
   a   b   c   d   e   f   g   h

Fen: 8/8/8/2pP4/8/8/8/K6k w - c6 0 2
Key: 3CEC19D4A472CD32
Checkers: 

 +---+---+---+---+---+---+---+---+
 |   |   |   |   |   |   |   |   | 8
 +---+---+---+---+---+---+---+---+
 |   |   |   |   |   |   |   |   | 7
 +---+---+---+---+---+---+---+---+
 |   |   |   |   |   |   |   |   | 6
 +---+---+---+---+---+---+---+---+
 | K |   | p | P |   |   |   | q | 5
 +---+---+---+---+---+---+---+---+
 |   |   |   |   |   |   |   |   | 4
 +---+---+---+---+---+---+---+---+
 |   |   |   |   |   |   |   |   | 3
 +---+---+---+---+---+---+---+---+
 |   |   |   |   |   |   |   |   | 2
 +---+---+---+---+---+---+---+---+
 |   |   |   |   |   |   |   | k | 1
 +---+---+---+---+---+---+---+---+
   a   b   c   d   e   f   g   h

Fen: 8/8/8/K1pP3q/8/8/8/7k w - - 0 2
Key: D4E34A747446369F
Checkers: 

 +---+---+---+---+---+---+---+---+
 |   |   | b |   |   |   |   |   | 8
 +---+---+---+---+---+---+---+---+
 |   |   | p |   |   |   |   |   | 7
 +---+---+---+---+---+---+---+---+
 |   |   |   |   |   |   |   |   | 6
 +---+---+---+---+---+---+---+---+
 |   |   | p | P |   |   |   |   | 5
 +---+---+---+---+---+---+---+---+
 |   |   |   |   |   |   |   |   | 4
 +---+---+---+---+---+---+---+---+
 |   |   |   |   |   |   |   |   | 3
 +---+---+---+---+---+---+---+---+
 |   |   |   |   |   |   |   |   | 2
 +---+---+---+---+---+---+---+---+
 | K |   |   |   |   |   |   | k | 1
 +---+---+---+---+---+---+---+---+
   a   b   c   d   e   f   g   h

Fen: 2b5/2p5/8/2pP4/8/8/8/K6k w - - 0 2
Key: 7D2FDA260217D0FA
Checkers: 

 +---+---+---+---+---+---+---+---+
 |   |   |   |   |   |   |   |   | 8
 +---+---+---+---+---+---+---+---+
 |   |   |   |   |   |   |   |   | 7
 +---+---+---+---+---+---+---+---+
 |   |   |   |   |   |   |   |   | 6
 +---+---+---+---+---+---+---+---+
 |   |   | p |   |   |   |   |   | 5
 +---+---+---+---+---+---+---+---+
 |   |   |   |   |   |   |   |   | 4
 +---+---+---+---+---+---+---+---+
 |   |   |   |   |   |   |   |   | 3
 +---+---+---+---+---+---+---+---+
 |   |   |   |   |   |   |   |   | 2
 +---+---+---+---+---+---+---+---+
 | K |   |   |   |   |   |   | k | 1
 +---+---+---+---+---+---+---+---+
   a   b   c   d   e   f   g   h

Fen: 8/8/8/2p5/8/8/8/K6k w - - 0 2
Key: DA40A9FB9704613E
Checkers: 

 +---+---+---+---+---+---+---+---+
 |   |   |   |   |   |   |   | K | 8
 +---+---+---+---+---+---+---+---+
 |   |   |   |   |   |   |   |   | 7
 +---+---+---+---+---+---+---+---+
 |   |   |   |   |   |   |   |   | 6
 +---+---+---+---+---+---+---+---+
 |   |   |   |   |   |   |   |   | 5
 +---+---+---+---+---+---+---+---+
 | k |   | P | p |   |   |   | R | 4
 +---+---+---+---+---+---+---+---+
 |   |   |   |   |   |   |   |   | 3
 +---+---+---+---+---+---+---+---+
 |   |   |   |   |   |   |   |   | 2
 +---+---+---+---+---+---+---+---+
 |   |   |   |   |   |   |   |   | 1
 +---+---+---+---+---+---+---+---+
   a   b   c   d   e   f   g   h

Fen: 7K/8/8/8/k1Pp3R/8/8/8 b - - 0 2
Key: 79A6FCBF2FCC1976
Checkers: 

 +---+---+---+---+---+---+---+---+
 |   |   |   |   |   |   |   |   | 8
 +---+---+---+---+---+---+---+---+
 |   |   |   |   |   |   |   |   | 7
 +---+---+---+---+---+---+---+---+
 |   |   |   |   |   |   |   |   | 6
 +---+---+---+---+---+---+---+---+
 | K |   | p | P |   | P |   | q | 5
 +---+---+---+---+---+---+---+---+
 |   |   |   |   |   |   |   |   | 4
 +---+---+---+---+---+---+---+---+
 |   |   |   |   |   |   |   |   | 3
 +---+---+---+---+---+---+---+---+
 |   |   |   |   |   |   |   |   | 2
 +---+---+---+---+---+---+---+---+
 |   |   |   |   |   |   |   | k | 1
 +---+---+---+---+---+---+---+---+
   a   b   c   d   e   f   g   h

Fen: 8/8/8/K1pP1P1q/8/8/8/7k w - c6 0 2
Key: A224CFDD63A9963C
Checkers: 

 +---+---+---+---+---+---+---+---+
 |   |   |   |   |   |   |   | b | 8
 +---+---+---+---+---+---+---+---+
 |   |   |   |   |   |   |   |   | 7
 +---+---+---+---+---+---+---+---+
 |   |   |   |   |   |   |   |   | 6
 +---+---+---+---+---+---+---+---+
 |   |   | p | P |   |   |   |   | 5
 +---+---+---+---+---+---+---+---+
 |   | K |   |   |   |   |   |   | 4
 +---+---+---+---+---+---+---+---+
 |   |   |   |   |   |   |   |   | 3
 +---+---+---+---+---+---+---+---+
 |   |   |   |   |   |   |   |   | 2
 +---+---+---+---+---+---+---+---+
 |   |   |   |   |   |   |   | k | 1
 +---+---+---+---+---+---+---+---+
   a   b   c   d   e   f   g   h

Fen: 7b/8/8/2pP4/1K6/8/8/7k w - c6 0 2
Key: C47D0D387BE89F81
Checkers: c5 
