rfish 0.1.0 by the Stockfish developers (see AUTHORS)
info string Network replica 1: Local memory.
a2a3: 1
b2b3: 1
c2c3: 1
d2d3: 1
e2e3: 1
f2f3: 1
g2g3: 1
h2h3: 1
a2a4: 1
b2b4: 1
c2c4: 1
d2d4: 1
e2e4: 1
f2f4: 1
g2g4: 1
h2h4: 1
b1a3: 1
b1c3: 1
g1f3: 1
g1h3: 1

Nodes searched: 20

info string Network replica 1: Local memory.
info depth 1 seldepth 2 multipv 1 score cp 22 nodes 20 tbhits 0 pv d2d4
bestmove d2d4
info string Network replica 1: Local memory.
info depth 1 seldepth 2 multipv 1 score cp 22 nodes 20 tbhits 0 pv d2d4
bestmove d2d4
info string Network replica 1: Local memory.
info depth 1 seldepth 2 multipv 1 score cp 22 nodes 20 tbhits 0 pv d2d4
bestmove d2d4


NNUE network contributions (Normalized, White to move)
+------------+------------+------------+------------+
|   Bucket   |  Material  | Positional |   Total    |
|            |   (PSQT)   |  (Layers)  |            |
+------------+------------+------------+------------+
|  0         |     0.00   |  -  0.14   |  -  0.14   |
|  1         |     0.00   |  +  0.08   |  +  0.08   |
|  2         |     0.00   |  +  0.15   |  +  0.15   |
|  3         |     0.00   |  +  0.16   |  +  0.16   |
|  4         |     0.00   |  +  0.08   |  +  0.08   |
|  5         |     0.00   |  +  0.08   |  +  0.08   |
|  6         |     0.00   |  +  0.04   |  +  0.04   |
|  7         |     0.00   |  -  0.00   |  -  0.00   | <-- this bucket is used
+------------+------------+------------+------------+

NNUE evaluation          -1 (side to move, internal units)
NNUE evaluation        +0.00 (white side)
Final evaluation      +0.00 (white side) [with scaled NNUE, ...]


Final evaluation: none (in check)

 +---+---+---+---+---+---+---+---+
 | r | n | b |   | k | b | n | r | 8
 +---+---+---+---+---+---+---+---+
 | p | p | p | p |   | p | p | p | 7
 +---+---+---+---+---+---+---+---+
 |   |   |   |   |   |   |   |   | 6
 +---+---+---+---+---+---+---+---+
 |   |   |   |   | p |   |   |   | 5
 +---+---+---+---+---+---+---+---+
 |   |   |   |   |   |   | P | q | 4
 +---+---+---+---+---+---+---+---+
 |   |   |   |   |   | P |   |   | 3
 +---+---+---+---+---+---+---+---+
 | P | P | P | P | P |   |   | P | 2
 +---+---+---+---+---+---+---+---+
 | R | N | B | Q | K | B | N | R | 1
 +---+---+---+---+---+---+---+---+
   a   b   c   d   e   f   g   h

Fen: rnb1kbnr/pppp1ppp/8/4p3/6Pq/5P2/PPPPP2P/RNBQKBNR w KQkq - 1 3
Key: DF880B7B5D8574E4
Checkers: h4 
info string Network replica 1: Local memory.
info string CRITICAL ERROR: Command `go depth 3000000000` failed. Reason: Invalid argument for 'depth'

