rfish 0.1.0 by the Stockfish developers (see AUTHORS)
info string Network replica 1: Local memory.
info depth 1 seldepth 6 multipv 1 score cp 33 wdl 72 922 6 nodes 187 tbhits 0 pv g8f6
info depth 1 seldepth 3 multipv 2 score cp -1 wdl 20 958 22 nodes 187 tbhits 0 pv g8h6
info depth 1 seldepth 4 multipv 3 score cp -1 wdl 20 958 22 nodes 187 tbhits 0 pv d8e7
info depth 2 seldepth 3 multipv 1 score cp 59 wdl 174 824 2 nodes 729 tbhits 0 pv g8f6
info depth 2 seldepth 3 multipv 2 score cp -1 wdl 21 957 22 nodes 729 tbhits 0 pv g8h6 c2c3
info depth 2 seldepth 4 multipv 3 score cp -7 wdl 16 956 28 nodes 729 tbhits 0 pv d8e7 b1c3
info depth 3 seldepth 7 multipv 1 score cp 25 wdl 54 938 8 nodes 1902 tbhits 0 pv g8f6 c2c3 d7d5
info depth 3 seldepth 9 multipv 2 score cp -4 wdl 18 957 25 nodes 1902 tbhits 0 pv d8f6 b1c3
info depth 3 seldepth 6 multipv 3 score cp -8 wdl 16 955 29 nodes 1902 tbhits 0 pv d8e7 c2c3
info depth 4 seldepth 7 multipv 1 score cp -4 wdl 18 957 25 nodes 3582 tbhits 0 pv d8f6 c2c3 f6g6 g1e2
info depth 4 seldepth 6 multipv 2 score cp -8 wdl 16 956 28 nodes 3582 tbhits 0 pv g8f6 g1e2
info depth 4 seldepth 8 multipv 3 score cp -12 wdl 13 954 33 nodes 3582 tbhits 0 pv d8e7 c2c3 g8f6 g1e2
info depth 5 seldepth 6 multipv 1 score cp 0 wdl 21 958 21 nodes 4373 tbhits 0 pv d8f6 c2c3 f6g6
info depth 5 seldepth 8 multipv 2 score cp -2 wdl 20 957 23 nodes 4373 tbhits 0 pv g8f6 g1e2
info depth 5 seldepth 10 multipv 3 score cp -8 wdl 16 956 28 nodes 4373 tbhits 0 pv d8e7 g1e2 e7f6 f3f6 g8f6
info depth 6 seldepth 7 multipv 1 score cp 5 wdl 25 957 18 nodes 5441 tbhits 0 pv g8f6 g1e2 f8c5 c2c3
info depth 6 seldepth 8 multipv 2 score cp 3 wdl 24 957 19 nodes 5441 tbhits 0 pv d8f6 c2c3 f6g6 d2d3
info depth 6 seldepth 8 multipv 3 score cp -7 wdl 16 956 28 nodes 5441 tbhits 0 pv d8e7 g1e2 e7f6 b1c3 f6f3 g2f3
bestmove g8f6 ponder g1e2
