rfish 0.1.0 by the Stockfish developers (see AUTHORS)

 +---+---+---+---+---+---+---+---+
 | r | n | b | q | k | b | n | r | 8
 +---+---+---+---+---+---+---+---+
 | p | p | p | p | p | p | p | p | 7
 +---+---+---+---+---+---+---+---+
 |   |   |   |   |   |   |   |   | 6
 +---+---+---+---+---+---+---+---+
 |   |   |   |   |   |   |   |   | 5
 +---+---+---+---+---+---+---+---+
 |   |   |   |   |   |   |   |   | 4
 +---+---+---+---+---+---+---+---+
 |   |   |   |   |   |   |   |   | 3
 +---+---+---+---+---+---+---+---+
 | P | P | P | P | P | P | P | P | 2
 +---+---+---+---+---+---+---+---+
 | R | N | B | Q | K | B | N | R | 1
 +---+---+---+---+---+---+---+---+
   a   b   c   d   e   f   g   h

Fen: rnbqkbnr/pppppppp/8/8/8/8/PPPPPPPP/RNBQKBNR w KQkq - 0 1
Key: 8F8F01D4562F59FB
Checkers: 

 +---+---+---+---+---+---+---+---+
 | r | n | b | q | k | b | n | r | 8
 +---+---+---+---+---+---+---+---+
 | p | p | p | p | p | p | p | p | 7
 +---+---+---+---+---+---+---+---+
 |   |   |   |   |   |   |   |   | 6
 +---+---+---+---+---+---+---+---+
 |   |   |   |   |   |   |   |   | 5
 +---+---+---+---+---+---+---+---+
 |   |   |   |   |   |   |   |   | 4
 +---+---+---+---+---+---+---+---+
 |   |   |   |   |   |   |   |   | 3
 +---+---+---+---+---+---+---+---+
 | P | P | P | P | P | P | P | P | 2
 +---+---+---+---+---+---+---+---+
 | R | N | B | Q | K | B | N | R | 1
 +---+---+---+---+---+---+---+---+
   a   b   c   d   e   f   g   h

Fen: rnbqkbnr/pppppppp/8/8/8/8/PPPPPPPP/RNBQKBNR w KQkq - 0 1
Key: 8F8F01D4562F59FB
Checkers: 

 +---+---+---+---+---+---+---+---+
 | r | n | b | q | k | b | n | r | 8
 +---+---+---+---+---+---+---+---+
 | p | p | p | p |   | p | p | p | 7
 +---+---+---+---+---+---+---+---+
 |   |   |   |   |   |   |   |   | 6
 +---+---+---+---+---+---+---+---+
 |   |   |   |   | p |   |   |   | 5
 +---+---+---+---+---+---+---+---+
 |   |   |   |   | P |   |   |   | 4
 +---+---+---+---+---+---+---+---+
 |   |   |   |   |   |   |   |   | 3
 +---+---+---+---+---+---+---+---+
 | P | P | P | P |   | P | P | P | 2
 +---+---+---+---+---+---+---+---+
 | R | N | B | Q | K | B | N | R | 1
 +---+---+---+---+---+---+---+---+
   a   b   c   d   e   f   g   h

Fen: rnbqkbnr/pppp1ppp/8/4p3/4P3/8/PPPP1PPP/RNBQKBNR w KQkq - 0 2
Key: 11DCFBB74711D25D
Checkers: 
info string CRITICAL ERROR: Command `position startpos fen 8/8/8/8/8/8/8/K6k w - - 0 1` failed. Reason: Illegal move: 8/8/8/8/8/8/8/K6k

