rfish 0.1.0 by the Stockfish developers (see AUTHORS)
info string Network replica 1: Local memory.
info depth 1 seldepth 2 multipv 1 score cp 30 nodes 20 tbhits 0 pv d2d4
info depth 2 seldepth 3 multipv 1 score cp 29 nodes 148 tbhits 0 pv e2e4
info depth 3 seldepth 5 multipv 1 score cp 22 nodes 1128 tbhits 0 pv e2e4 g8f6 b1c3
info depth 4 seldepth 4 multipv 1 score cp 22 nodes 1169 tbhits 0 pv e2e4 g8f6 b1c3
info depth 5 seldepth 5 multipv 1 score cp 22 nodes 1356 tbhits 0 pv e2e4 c7c6
info depth 6 seldepth 11 multipv 1 score cp 25 nodes 2167 tbhits 0 pv e2e4 e7e5
info depth 7 seldepth 8 multipv 1 score cp 17 nodes 2572 tbhits 0 pv e2e4 d7d5 e4d5 d8d5 d2d4
info depth 8 seldepth 10 multipv 1 score cp 22 nodes 4023 tbhits 0 pv e2e4 c7c5 g1f3 b8c6 c2c3 d7d5 e4d5 d8d5
info depth 9 seldepth 9 multipv 1 score cp 22 nodes 4102 tbhits 0 pv e2e4 c7c5 g1f3 b8c6 c2c3 d7d5 e4d5 d8d5
info depth 10 seldepth 14 multipv 1 score cp 24 nodes 5670 tbhits 0 pv e2e4 e7e5 g1f3 b8c6 f1b5
info depth 11 seldepth 13 multipv 1 score cp 30 nodes 7505 tbhits 0 pv e2e4 e7e5 g1f3 b8c6 f1b5 g8f6 e1g1 f6e4
info depth 12 seldepth 13 multipv 1 score cp 32 nodes 9389 tbhits 0 pv e2e4 c7c5 g1f3 b8c6 d2d4 c5d4 f3d4
info depth 13 seldepth 17 multipv 1 score cp 28 nodes 16128 tbhits 0 pv e2e4 c7c5 d2d4 c5d4 g1f3 b8c6 f3d4 g7g6 d4c6 b7c6 d1d4 g8f6 e4e5 f6d5
info depth 14 seldepth 17 multipv 1 score cp 28 nodes 20014 tbhits 0 pv e2e4 c7c5 d2d4 c5d4 g1f3 b8c6 f3d4 g7g6 d4c6 b7c6 d1d4 g8f6 e4e5 f6d5
bestmove e2e4 ponder c7c5
info string Network replica 1: Local memory.
info depth 1 seldepth 2 multipv 1 score mate 1 nodes 15 tbhits 0 pv a1a8
info depth 2 seldepth 2 multipv 1 score mate 1 nodes 30 tbhits 0 pv a1a8
info depth 3 seldepth 2 multipv 1 score mate 1 nodes 45 tbhits 0 pv a1a8
info depth 4 seldepth 2 multipv 1 score mate 1 nodes 60 tbhits 0 pv a1a8
info depth 5 seldepth 2 multipv 1 score mate 1 nodes 75 tbhits 0 pv a1a8
info depth 6 seldepth 2 multipv 1 score mate 1 nodes 90 tbhits 0 pv a1a8
bestmove a1a8
info string Network replica 1: Local memory.
info depth 1 seldepth 4 multipv 1 score cp -1 nodes 7 tbhits 0 pv e4d5
info depth 2 seldepth 3 multipv 1 score cp 12 nodes 25 tbhits 0 pv e4d5
info depth 3 seldepth 2 multipv 1 score cp 12 nodes 31 tbhits 0 pv e4d5
info depth 4 seldepth 4 multipv 1 score cp 4 nodes 71 tbhits 0 pv e4d5 e8d7 e1d1
info depth 5 seldepth 7 multipv 1 score cp 9 nodes 329 tbhits 0 pv e4d5 e8e7
info depth 6 seldepth 7 multipv 1 score cp 6 nodes 430 tbhits 0 pv e4d5 e8e7 e1f2 e7f7
bestmove e4d5 ponder e8e7
