rfish 0.1.0 by the Stockfish developers (see AUTHORS)
info string Network replica 1: Local memory.
info depth 1 seldepth 2 multipv 1 score cp 30 nodes 2 tbhits 0 pv d2d4
info depth 2 seldepth 3 multipv 1 score cp 26 nodes 44 tbhits 0 pv d2d4 d7d6
info depth 3 seldepth 4 multipv 1 score cp 28 nodes 57 tbhits 0 pv d2d4 d7d6 c2c3
info depth 4 seldepth 6 multipv 1 score cp 23 nodes 328 tbhits 0 pv e2e4 g8f6 b1c3 c7c5
bestmove e2e4 ponder g8f6
info string Network replica 1: Local memory.
info depth 1 seldepth 2 multipv 1 score cp 23 nodes 2 tbhits 0 pv e2e4
info depth 2 seldepth 3 multipv 1 score cp 23 nodes 7 tbhits 0 pv e2e4 g8f6
info depth 3 seldepth 4 multipv 1 score cp 23 nodes 33 tbhits 0 pv e2e4 g8f6 b1c3
info depth 4 seldepth 5 multipv 1 score cp 35 nodes 98 tbhits 0 pv e2e4
info depth 4 seldepth 5 multipv 1 score cp 35 nodes 98 tbhits 0 pv e2e4 g8f6
bestmove e2e4 ponder g8f6
info string Network replica 1: Local memory.
info depth 1 seldepth 2 multipv 1 score cp 35 nodes 2 tbhits 0 pv e2e4
info depth 2 seldepth 3 multipv 1 score cp 33 nodes 18 tbhits 0 pv e2e4 c7c5
info depth 3 seldepth 4 multipv 1 score cp 32 nodes 77 tbhits 0 pv e2e4 g8f6
info depth 4 seldepth 8 multipv 1 score cp 40 nodes 462 tbhits 0 pv e2e4 g8f6
bestmove e2e4 ponder g8f6
